FREEZESTARTPGRpdiBjbGFzcz0iVmx0LXRhYnMiPgogIDxkaXYgY2xhc3M9IlZsdC10YWJzX19oZWFkZXIgVmx0LXRhYnNfX2hlYWRlci0tYm9yZGVyZWQiIGRhdGEtaGFzLWluaXRpYWwtdGFiPSJmYWxzZSI-CjxkaXYgY2xhc3M9IlZsdC10YWJzX19saW5rIFZsdC10YWJzX19saW5rX2FjdGl2ZSIgcm9sZT0idGFiIiBkYXRhLWxhbmd1YWdlPSJqYXZhc2NyaXB0IiBkYXRhLWxhbmd1YWdlLXR5cGU9Imxhbmd1YWdlcyIgZGF0YS1sYW5ndWFnZS1saW5rYWJsZT0idHJ1ZSI-PHNwYW4-PHN2Zz48dXNlIHhsaW5rOmhyZWY9Ii9zeW1ib2wvdm9sdGEtYnJhbmQtaWNvbnMuc3ZnI0JyYW5kLWljb24tamF2YXNjcmlwdCI-PC91c2U-PC9zdmc-PHNwYW4-Rmlyc3QgU2FtcGxlIE1hcmtkb3duPC9zcGFuPjwvc3Bhbj48L2Rpdj4KPGRpdiBjbGFzcz0iVmx0LXRhYnNfX2xpbmsiIHJvbGU9InRhYiIgZGF0YS1sYW5ndWFnZT0iamF2YXNjcmlwdCIgZGF0YS1sYW5ndWFnZS10eXBlPSJsYW5ndWFnZXMiIGRhdGEtbGFuZ3VhZ2UtbGlua2FibGU9InRydWUiPjxzcGFuPjxzdmc-PHVzZSB4bGluazpocmVmPSIvc3ltYm9sL3ZvbHRhLWJyYW5kLWljb25zLnN2ZyNCcmFuZC1pY29uLWphdmFzY3JpcHQiPjwvdXNlPjwvc3ZnPjxzcGFuPlNlY29uZCBTYW1wbGUgTWFya2Rvd248L3NwYW4-PC9zcGFuPjwvZGl2Pgo8L2Rpdj4KICAgIDxkaXYgY2xhc3M9IlZsdC10YWJzX19jb250ZW50Ij4KICAgIDxkaXYgY2xhc3M9IlZsdC10YWJzX19wYW5lbCBWbHQtdGFic19fcGFuZWxfYWN0aXZlIj48cCBhcmlhLWxhYmVsbGVkYnk9JyJJRDEyMzQ1NiInIGFyaWEtaGlkZGVuPSJ0cnVlIj48cD4gIyMgSGVhZGluZwogU2FtcGxlIGNvbnRlbnQ8L3A-PC9wPjwvZGl2Pgo8ZGl2IGNsYXNzPSJWbHQtdGFic19fcGFuZWwiPjxwIGFyaWEtbGFiZWxsZWRieT0nIklEMTIzNDU2IicgYXJpYS1oaWRkZW49InRydWUiPjxwPiAjIyBIZWFkaW5nCiBTYW1wbGUgY29udGVudDwvcD48L3A-PC9kaXY-CjwvZGl2Pgo8L2Rpdj4KFREEZEEND
