FREEZESTARTPGRpdiBjbGFzcz0iVmx0LXRhYnMiPgogIDxkaXYgY2xhc3M9IlZsdC10YWJzX19oZWFkZXItLWJvcmRlcmVkIHNraXAtcHVzaHN0YXRlIiBkYXRhLWhhcy1pbml0aWFsLXRhYj0iZmFsc2UiPgo8bGkgY2xhc3M9IlZsdC10YWJzX19saW5rIFZsdC10YWJzX19saW5rX2FjdGl2ZSIgYXJpYS1zZWxlY3RlZD0idHJ1ZSIgZGF0YS1sYW5ndWFnZT0iY3VybCIgZGF0YS1sYW5ndWFnZS10eXBlPSJ0ZXJtaW5hbF9wcm9ncmFtcyIgZGF0YS1sYW5ndWFnZS1saW5rYWJsZT0idHJ1ZSI-PGEgY2xhc3M9InRhYi1saW5rIj48c3ZnPjx1c2UgeGxpbms6aHJlZj0iL2Fzc2V0cy9pbWFnZXMvYnJhbmRzL2N1cmwuc3ZnI2N1cmwiPjwvdXNlPjwvc3ZnPjxzcGFuPmNVUkw8L3NwYW4-PC9hPjwvbGk-CjxsaSBjbGFzcz0iVmx0LXRhYnNfX2xpbmsiIGRhdGEtbGFuZ3VhZ2U9Im5vZGUiIGRhdGEtbGFuZ3VhZ2UtdHlwZT0ibGFuZ3VhZ2VzIiBkYXRhLWxhbmd1YWdlLWxpbmthYmxlPSJ0cnVlIj48YSBjbGFzcz0idGFiLWxpbmsiPjxzdmc-PHVzZSB4bGluazpocmVmPSIvYXNzZXRzL2ltYWdlcy9icmFuZHMvbm9kZS5zdmcjbm9kZSI-PC91c2U-PC9zdmc-PHNwYW4-Tm9kZS5qczwvc3Bhbj48L2E-PC9saT4KPGxpIGNsYXNzPSJWbHQtdGFic19fbGluayIgZGF0YS1sYW5ndWFnZT0iamF2YSIgZGF0YS1sYW5ndWFnZS10eXBlPSJsYW5ndWFnZXMiIGRhdGEtbGFuZ3VhZ2UtbGlua2FibGU9InRydWUiPjxhIGNsYXNzPSJ0YWItbGluayI-PHN2Zz48dXNlIHhsaW5rOmhyZWY9Ii9hc3NldHMvaW1hZ2VzL2JyYW5kcy9qYXZhLnN2ZyNqYXZhIj48L3VzZT48L3N2Zz48c3Bhbj5KYXZhPC9zcGFuPjwvYT48L2xpPgo8bGkgY2xhc3M9IlZsdC10YWJzX19saW5rIiBkYXRhLWxhbmd1YWdlPSJkb3RuZXQiIGRhdGEtbGFuZ3VhZ2UtdHlwZT0ibGFuZ3VhZ2VzIiBkYXRhLWxhbmd1YWdlLWxpbmthYmxlPSJ0cnVlIj48YSBjbGFzcz0idGFiLWxpbmsiPjxzdmc-PHVzZSB4bGluazpocmVmPSIvYXNzZXRzL2ltYWdlcy9icmFuZHMvZG90bmV0LnN2ZyNkb3RuZXQiPjwvdXNlPjwvc3ZnPjxzcGFuPi5ORVQ8L3NwYW4-PC9hPjwvbGk-CjxsaSBjbGFzcz0iVmx0LXRhYnNfX2xpbmsiIGRhdGEtbGFuZ3VhZ2U9InBocCIgZGF0YS1sYW5ndWFnZS10eXBlPSJsYW5ndWFnZXMiIGRhdGEtbGFuZ3VhZ2UtbGlua2FibGU9InRydWUiPjxhIGNsYXNzPSJ0YWItbGluayI-PHN2Zz48dXNlIHhsaW5rOmhyZWY9Ii9hc3NldHMvaW1hZ2VzL2JyYW5kcy9waHAuc3ZnI3BocCI-PC91c2U-PC9zdmc-PHNwYW4-UEhQPC9zcGFuPjwvYT48L2xpPgo8bGkgY2xhc3M9IlZsdC10YWJzX19saW5rIiBkYXRhLWxhbmd1YWdlPSJweXRob24iIGRhdGEtbGFuZ3VhZ2UtdHlwZT0ibGFuZ3VhZ2VzIiBkYXRhLWxhbmd1YWdlLWxpbmthYmxlPSJ0cnVlIj48YSBjbGFzcz0idGFiLWxpbmsiPjxzdmc-PHVzZSB4bGluazpocmVmPSIvYXNzZXRzL2ltYWdlcy9icmFuZHMvcHl0aG9uLnN2ZyNweXRob24iPjwvdXNlPjwvc3ZnPjxzcGFuPlB5dGhvbjwvc3Bhbj48L2E-PC9saT4KPGxpIGNsYXNzPSJWbHQtdGFic19fbGluayIgZGF0YS1sYW5ndWFnZT0icnVieSIgZGF0YS1sYW5ndWFnZS10eXBlPSJsYW5ndWFnZXMiIGRhdGEtbGFuZ3VhZ2UtbGlua2FibGU9InRydWUiPjxhIGNsYXNzPSJ0YWItbGluayI-PHN2Zz48dXNlIHhsaW5rOmhyZWY9Ii9hc3NldHMvaW1hZ2VzL2JyYW5kcy9ydWJ5LnN2ZyNydWJ5Ij48L3VzZT48L3N2Zz48c3Bhbj5SdWJ5PC9zcGFuPjwvYT48L2xpPgo8L2Rpdj4KICA8ZGl2IGNsYXNzPSJWbHQtdGFic19fY29udGVudCI-CjxkaXYgaWQ9IklEMTIzNDU2IiBjbGFzcz0iVmx0LXRhYnNfX3BhbmVsIFZsdC10YWJzX19wYW5lbF9hY3RpdmUiPjwvZGl2Pgo8ZGl2IGlkPSJJRDEyMzQ1NiIgY2xhc3M9IlZsdC10YWJzX19wYW5lbCI-PC9kaXY-CjxkaXYgaWQ9IklEMTIzNDU2IiBjbGFzcz0iVmx0LXRhYnNfX3BhbmVsIj48L2Rpdj4KPGRpdiBpZD0iSUQxMjM0NTYiIGNsYXNzPSJWbHQtdGFic19fcGFuZWwiPjwvZGl2Pgo8ZGl2IGlkPSJJRDEyMzQ1NiIgY2xhc3M9IlZsdC10YWJzX19wYW5lbCI-PC9kaXY-CjxkaXYgaWQ9IklEMTIzNDU2IiBjbGFzcz0iVmx0LXRhYnNfX3BhbmVsIj48L2Rpdj4KPGRpdiBpZD0iSUQxMjM0NTYiIGNsYXNzPSJWbHQtdGFic19fcGFuZWwiPjwvZGl2Pgo8L2Rpdj4KPC9kaXY-Cg==FREEZEEND
